Microsoft (R) Macro Assembler Version 14.41.34120.0	    12/18/25 19:01:48
SE_asm01e.asm						     Page 1 - 1


				.586P                                                               
				.MODEL FLAT, STDCALL                                                
				;includelib ucrt.lib                                                
				includelib libucrt.lib
				includelib kernel32.lib                                             
				includelib "..\Debug\SE_asm01d.lib"

				ExitProcess         PROTO   : DWORD                                         
				system              PROTO C : DWORD                                         
				GetStdHandle        PROTO   : DWORD                                         
				printConsole        PROTO : DWORD, : DWORD                                  
				                                                                            
				WriteConsoleA       PROTO   : DWORD, : DWORD, : DWORD, : DWORD, : DWORD     
				SetConsoleTitleA    PROTO   : DWORD                                     

				EXTRN getmin : proc
				EXTRN getmax : proc
				; Убрал get_pause, так как его нет
				; EXTRN get_pause : proc

				SetConsoleOutputCP  PROTO : DWORD                                   
				                                                                    
				SetConsoleCP PROTO : DWORD                                          


				.STACK 4096                                                         

 00000000			.CONST                                                              
 = 0000000A			endl        equ 0ah                                                 
 00000000 0A 00			str_endl    byte endl, 0                                            
 00000002 70 61 75 73 65	str_pause   db 'pause', 0
	   00
 00000008 20 00			space_str   db ' ', 0

 00000000			.DATA                                                               
 00000000 FFFFFFFB		Array           SDWORD   -5, 5, 23, -1, 25, 9, -4, 22, 9, 0 
	   00000005
	   00000017
	   FFFFFFFF
	   00000019
	   00000009
	   FFFFFFFC
	   00000016
	   00000009
	   00000000
 00000028 C7 E0 E4 E0 ED	consoleTitle    BYTE    'Задание 6',0           
	   E8 E5 20 36 00
 00000032 C7 E0 E4 E0 F7	text            BYTE     "Задача : getmax + getmin = ", 0
	   E0 20 3A 20 67
	   65 74 6D 61 78
	   20 2B 20 67 65
	   74 6D 69 6E 20
	   3D 20 00
 0000004E  00000028 [		string          BYTE     40 dup(0)
	    00
	   ]
 00000076 CC E8 ED E8 EC	min_string      BYTE    "Минимальное значение = ", 0
	   E0 EB FC ED EE
	   E5 20 E7 ED E0
	   F7 E5 ED E8 E5
	   20 3D 20 00
 0000008E  00000028 [		min_str         BYTE     40 dup(0)
	    00
	   ]
 000000B6 CC E0 EA F1 E8	max_string      BYTE    "Максимальное значение = ", 0
	   EC E0 EB FC ED
	   EE E5 20 E7 ED
	   E0 F7 E5 ED E8
	   E5 20 3D 20 00
 000000CF  00000028 [		max_str         BYTE     40 dup(0)
	    00
	   ]

 000000F7 00000000		messageSize     DWORD   ?
 000000FB 00000000		min             SDWORD  ?
 000000FF 00000000		max             SDWORD  ?
 00000103 00000000		result          SDWORD  ?

 00000000			.CODE                                                               

 00000000			int_to_char PROC uses eax ebx ecx edi esi,
				                pstr        : dword, 
				                intfield    : sdword 

 00000008  8B 7D 08		    mov edi, pstr
 0000000B  8B 45 0C		    mov eax, intfield                                               
				    
				    ; Очистка строки
 0000000E  57			    push edi
 0000000F  B9 00000028		    mov ecx, 40
 00000014  B0 00		    mov al, 0
 00000016  F3/ AA		    rep stosb
 00000018  5F			    pop edi
				    
 00000019  8B 45 0C		    mov eax, intfield
 0000001C  A9 80000000		    test eax, 80000000h                                             
 00000021  74 06		    jz convert_positive
 00000023  F7 D8		    neg eax
 00000025  C6 07 2D		    mov byte ptr [edi], '-' 
 00000028  47			    inc edi

 00000029			convert_positive:
 00000029  BB 0000000A		    mov ebx, 10
 0000002E  33 C9		    xor ecx, ecx  
 00000030  85 C0		    test eax, eax
 00000032  74 1F		    jz store_zero

 00000034			convert_loop:
 00000034  33 D2		    xor edx, edx
 00000036  F7 F3		    div ebx
 00000038  52			    push edx
 00000039  41			    inc ecx
 0000003A  85 C0		    test eax, eax
 0000003C  75 F6		    jnz convert_loop

 0000003E			store_digits:
 0000003E  5A			    pop edx
 0000003F  80 C2 30		    add dl, '0'
 00000042  88 17		    mov [edi], dl
 00000044  47			    inc edi
 00000045  E2 F7		    loop store_digits

 00000047  C6 07 00		    mov byte ptr [edi], 0  
				    ret

 00000053			store_zero:
 00000053  C6 07 30		    mov byte ptr [edi], '0'
 00000056  47			    inc edi
 00000057  C6 07 00		    mov byte ptr [edi], 0  
				    ret
				    
 00000063			int_to_char ENDP


 00000063			main PROC                                                           
 00000063			START :                                                             
				        INVOKE SetConsoleOutputCP, 1251
				        INVOKE SetConsoleCP, 1251
				        
				        ; Получаем минимальное значение
 00000077  6A 0A		        push LENGTHOF Array                                         
 00000079  68 00000000 R	        push OFFSET Array
 0000007E  E8 00000000 E	        call getmin
 00000083  A3 000000FB R	        mov min, eax
				        
				        ; Преобразуем и выводим минимальное значение
				        INVOKE int_to_char, OFFSET min_str, min
				        INVOKE printConsole, OFFSET min_string, OFFSET consoleTitle
				        INVOKE printConsole, OFFSET min_str, OFFSET consoleTitle
				        INVOKE printConsole, OFFSET str_endl, OFFSET consoleTitle
				        
				        ; Получаем максимальное значение
 000000C5  6A 0A		        push LENGTHOF Array                                         
 000000C7  68 00000000 R	        push OFFSET Array
 000000CC  E8 00000000 E	        call getmax                     
 000000D1  A3 000000FF R	        mov max, eax
				        
				        ; Преобразуем и выводим максимальное значение
				        INVOKE int_to_char, OFFSET max_str, max
				        INVOKE printConsole, OFFSET max_string, OFFSET consoleTitle
				        INVOKE printConsole, OFFSET max_str, OFFSET consoleTitle
				        INVOKE printConsole, OFFSET str_endl, OFFSET consoleTitle
				        
				        ; Вычисляем и выводим сумму
 00000113  A1 000000FF R	        mov eax, max
 00000118  03 05 000000FB R	        add eax, min                                                        
 0000011E  A3 00000103 R	        mov result, eax
				        INVOKE int_to_char, OFFSET string, result
				        INVOKE printConsole, OFFSET text, OFFSET consoleTitle
				        INVOKE printConsole, OFFSET string, OFFSET consoleTitle
				        INVOKE printConsole, OFFSET str_endl, OFFSET consoleTitle
				        
				        ; Используем system для паузы вместо get_pause
 00000160  68 00000002 R	        push offset str_pause                                       
 00000165  E8 00000000 E	        call system
				        
				        ; Выход
 0000016A  6A FF		        push -1                                                    
 0000016C  E8 00000000 E	        call ExitProcess                                            


 00000171			main ENDP                                                           
 00000171			printConsole     PROC uses eax ebx ecx edi esi,
				                        pstr    : dword,
				                        ptitle  : dword

				    INVOKE SetConsoleTitleA, ptitle
				    INVOKE GetStdHandle, -11
 00000188  8B 75 08		    mov esi, pstr                                                   
 0000018B  BF FFFFFFFF		    mov edi, -1                                                     
 00000190			count:                                                              
 00000190  47			    inc edi                                                         
 00000191  80 3C 3E 00		    cmp byte ptr [esi+edi], 0
 00000195  75 F9		    jne count                                                       

				    INVOKE WriteConsoleA, eax, pstr, edi, 0, 0                      

				    ret
 000001AE			printConsole ENDP

				end main
Microsoft (R) Macro Assembler Version 14.41.34120.0	    12/18/25 19:01:48
SE_asm01e.asm						     Symbols 2 - 1




Segments and Groups:

                N a m e                 Size     Length   Align   Combine Class

CONST  . . . . . . . . . . . . .	32 Bit	 0000000A Para	  Public  'CONST'	 ReadOnly
FLAT . . . . . . . . . . . . . .	GROUP
STACK  . . . . . . . . . . . . .	32 Bit	 00001000 Para	  Stack	  'STACK'	 
_DATA  . . . . . . . . . . . . .	32 Bit	 00000107 Para	  Public  'DATA'	
_TEXT  . . . . . . . . . . . . .	32 Bit	 000001AE Para	  Public  'CODE'	


Procedures, parameters, and locals:

                N a m e                 Type     Value    Attr

ExitProcess  . . . . . . . . . .	P Near	 00000000 FLAT	Length= 00000000 External STDCALL
GetStdHandle . . . . . . . . . .	P Near	 00000000 FLAT	Length= 00000000 External STDCALL
SetConsoleCP . . . . . . . . . .	P Near	 00000000 FLAT	Length= 00000000 External STDCALL
SetConsoleOutputCP . . . . . . .	P Near	 00000000 FLAT	Length= 00000000 External STDCALL
SetConsoleTitleA . . . . . . . .	P Near	 00000000 FLAT	Length= 00000000 External STDCALL
WriteConsoleA  . . . . . . . . .	P Near	 00000000 FLAT	Length= 00000000 External STDCALL
int_to_char  . . . . . . . . . .	P Near	 00000000 _TEXT	Length= 00000063 Public STDCALL
  pstr . . . . . . . . . . . . .	DWord	 bp + 00000008
  intfield . . . . . . . . . . .	DWord	 bp + 0000000C
  convert_positive . . . . . . .	L Near	 00000029 _TEXT	
  convert_loop . . . . . . . . .	L Near	 00000034 _TEXT	
  store_digits . . . . . . . . .	L Near	 0000003E _TEXT	
  store_zero . . . . . . . . . .	L Near	 00000053 _TEXT	
main . . . . . . . . . . . . . .	P Near	 00000063 _TEXT	Length= 0000010E Public STDCALL
  START  . . . . . . . . . . . .	L Near	 00000063 _TEXT	
printConsole . . . . . . . . . .	P Near	 00000171 _TEXT	Length= 0000003D Public STDCALL
  pstr . . . . . . . . . . . . .	DWord	 bp + 00000008
  ptitle . . . . . . . . . . . .	DWord	 bp + 0000000C
  count  . . . . . . . . . . . .	L Near	 00000190 _TEXT	
system . . . . . . . . . . . . .	P Near	 00000000 FLAT	Length= 00000000 External C


Symbols:

                N a m e                 Type     Value    Attr

@CodeSize  . . . . . . . . . . .	Number	 00000000h   
@DataSize  . . . . . . . . . . .	Number	 00000000h   
@Interface . . . . . . . . . . .	Number	 00000003h   
@Model . . . . . . . . . . . . .	Number	 00000007h   
@code  . . . . . . . . . . . . .	Text   	 _TEXT
@data  . . . . . . . . . . . . .	Text   	 FLAT
@fardata?  . . . . . . . . . . .	Text   	 FLAT
@fardata . . . . . . . . . . . .	Text   	 FLAT
@stack . . . . . . . . . . . . .	Text   	 FLAT
Array  . . . . . . . . . . . . .	DWord	 00000000 _DATA	
consoleTitle . . . . . . . . . .	Byte	 00000028 _DATA	
endl . . . . . . . . . . . . . .	Number	 0000000Ah   
getmax . . . . . . . . . . . . .	L Near	 00000000 FLAT	External STDCALL
getmin . . . . . . . . . . . . .	L Near	 00000000 FLAT	External STDCALL
max_string . . . . . . . . . . .	Byte	 000000B6 _DATA	
max_str  . . . . . . . . . . . .	Byte	 000000CF _DATA	
max  . . . . . . . . . . . . . .	DWord	 000000FF _DATA	
messageSize  . . . . . . . . . .	DWord	 000000F7 _DATA	
min_string . . . . . . . . . . .	Byte	 00000076 _DATA	
min_str  . . . . . . . . . . . .	Byte	 0000008E _DATA	
min  . . . . . . . . . . . . . .	DWord	 000000FB _DATA	
result . . . . . . . . . . . . .	DWord	 00000103 _DATA	
space_str  . . . . . . . . . . .	Byte	 00000008 CONST	
str_endl . . . . . . . . . . . .	Byte	 00000000 CONST	
str_pause  . . . . . . . . . . .	Byte	 00000002 CONST	
string . . . . . . . . . . . . .	Byte	 0000004E _DATA	
text . . . . . . . . . . . . . .	Byte	 00000032 _DATA	

	   0 Warnings
	   0 Errors
